
Collecting usage statistics. To deactivate, set browser.gatherUsageStats to false.

/Users/dimonbodrov/Library/Python/3.9/lib/python/site-packages/urllib3/__init__.py:35: NotOpenSSLWarning: urllib3 v2 only supports OpenSSL 1.1.1+, currently the 'ssl' module is compiled with 'LibreSSL 2.8.3'. See: https://github.com/urllib3/urllib3/issues/3020
  warnings.warn(

  You can now view your Streamlit app in your browser.

  Local URL: http://localhost:8501
  Network URL: http://10.33.0.2:8501
  External URL: http://176.124.220.208:8501

  For better performance, install the Watchdog module:

  $ xcode-select --install
  $ pip install watchdog
            
2026-04-16 21:31:29.254 304 GET / (::1) 6.47ms
2026-04-16 21:31:29.378 200 GET /static/js/index.6xX1278W.js (::1) 119.99ms
2026-04-16 21:31:29.380 200 GET /static/media/SourceSansVF-Upright.ttf.BsWL4Kly.woff2 (::1) 1.61ms
2026-04-16 21:31:29.708 304 GET /_stcore/host-config (::1) 1.68ms
2026-04-16 21:31:29.711 304 GET /_stcore/health (::1) 2.53ms
2026-04-16 21:31:30.221 101 GET /_stcore/stream (::1) 2.63ms
2026-04-16 21:31:31.025 200 GET /static/media/SourceCodeVF-Upright.ttf.BjWn63N-.woff2 (::1) 1.14ms
2026-04-16 21:31:31.510 200 GET /static/js/index.CMItVsFA.js (::1) 1.00ms
2026-04-16 21:31:31.761 200 GET /static/media/MaterialSymbols-Rounded.DeCZgS-4.woff2 (::1) 2.15ms
2026-04-16 21:31:31.870 Please replace `use_container_width` with `width`.

`use_container_width` will be removed after 2025-12-31.

For `use_container_width=True`, use `width='stretch'`. For `use_container_width=False`, use `width='content'`.
2026-04-16 21:31:34.970 200 GET /static/js/index.Ctn27_AE.js (::1) 3105.47ms
2026-04-16 21:31:35.361 200 GET /static/js/index.CFMf5_ez.js (::1) 10.42ms
Matplotlib is building the font cache; this may take a moment.
2026-04-16 21:31:43.495 Please replace `use_container_width` with `width`.

`use_container_width` will be removed after 2025-12-31.

For `use_container_width=True`, use `width='stretch'`. For `use_container_width=False`, use `width='content'`.
2026-04-16 21:31:43.794 Uncaught app execution
Traceback (most recent call last):
  File "/Users/dimonbodrov/Library/Python/3.9/lib/python/site-packages/streamlit/runtime/scriptrunner/exec_code.py", line 128, in exec_func_with_error_handling
    result = func()
  File "/Users/dimonbodrov/Library/Python/3.9/lib/python/site-packages/streamlit/runtime/scriptrunner/script_runner.py", line 669, in code_to_exec
    exec(code, module.__dict__)  # noqa: S102
  File "/Users/dimonbodrov/FIE/dashboard/prod_app.py", line 1532, in <module>
    st.dataframe(styler_filtered.tail(10), use_container_width=True)
AttributeError: 'Styler' object has no attribute 'tail'
2026-04-16 21:31:56.427 Please replace `use_container_width` with `width`.

`use_container_width` will be removed after 2025-12-31.

For `use_container_width=True`, use `width='stretch'`. For `use_container_width=False`, use `width='content'`.
2026-04-16 21:31:56.846 Please replace `use_container_width` with `width`.

`use_container_width` will be removed after 2025-12-31.

For `use_container_width=True`, use `width='stretch'`. For `use_container_width=False`, use `width='content'`.
2026-04-16 21:31:57.040 Please replace `use_container_width` with `width`.

`use_container_width` will be removed after 2025-12-31.

For `use_container_width=True`, use `width='stretch'`. For `use_container_width=False`, use `width='content'`.
2026-04-16 21:31:57.400 Please replace `use_container_width` with `width`.

`use_container_width` will be removed after 2025-12-31.

For `use_container_width=True`, use `width='stretch'`. For `use_container_width=False`, use `width='content'`.
2026-04-16 21:31:57.772 Uncaught app execution
Traceback (most recent call last):
  File "/Users/dimonbodrov/Library/Python/3.9/lib/python/site-packages/streamlit/runtime/scriptrunner/exec_code.py", line 128, in exec_func_with_error_handling
    result = func()
  File "/Users/dimonbodrov/Library/Python/3.9/lib/python/site-packages/streamlit/runtime/scriptrunner/script_runner.py", line 669, in code_to_exec
    exec(code, module.__dict__)  # noqa: S102
  File "/Users/dimonbodrov/FIE/dashboard/prod_app.py", line 1532, in <module>
    st.dataframe(styler_filtered.tail(10), use_container_width=True)
AttributeError: 'Styler' object has no attribute 'tail'
